// Jest Snapshot v1, https://goo.gl/fbAQLP

exports[`ImageLinkForm component should match snapshot 1`] = `
<div>
  <label
    class="f3"
    for="image-link-form"
  >
    The 
    <b>
      MagicBrain
    </b>
     will detect faces in your pictures. Give it a try!
    <form
      class="pa4 br3 mt3 custom-shadow-w form smaller center"
      data-testid="image-link-form"
      id="image-link-form"
    >
      <input
        class="f4 pa2 w-70 ba"
        placeholder="enter the image URL here"
        type="text"
      />
      <button
        class="w-30 f4 link ph3 pv2 dib light bg-light-purple noselect"
        disabled=""
        type="submit"
      >
        Detect
      </button>
    </form>
  </label>
</div>
`;
